// Jest Snapshot v1, https://goo.gl/fbAQLP

exports[`renders NavBar component unchanged 1`] = `
<div>
  <nav
    class="navbar fixed-top navbar-light bg-light shadow border-bottom border-light"
  >
    <div
      class="container-fluid"
    >
      <div
        class="d-flex justify-content-center align-items-center"
      >
        <a
          class="navbar-brand me-5"
          href="/"
        >
          <img
            alt="home"
            data-nimg="1"
            decoding="async"
            fetchpriority="high"
            height="24"
            src="/next.svg"
            style="color: transparent;"
            width="100"
          />
        </a>
        <a
          href="/users"
        >
          User List
        </a>
      </div>
      <a
        href="/login"
      >
        Sign in
        <img
          alt="login"
          class="ms-2"
          data-nimg="1"
          decoding="async"
          height="24"
          loading="lazy"
          src="/login.svg"
          style="color: transparent;"
          width="24"
        />
      </a>
    </div>
  </nav>
</div>
`;
